// Vitest Snapshot v1, https://vitest.dev/guide/snapshot.html

exports[`renders children as content and can trigger callback when clicked 1`] = `
<DocumentFragment>
  <button
    class="
    flex
    items-center
    justify-center
    h-[50px]
    px-4
    border
    text-sm
    font-medium
    outline-none
   
    text-neutral-500
    border-neutral-600
    focus-visible:outline-blue-700
    focus-visible:outline-2
    hover:bg-neutral-100
    active:hover:bg-neutral-50
   "
  >
    Click Me
  </button>
</DocumentFragment>
`;
